// Jest Snapshot v1, https://goo.gl/fbAQLP

exports[`ResultsTab component renders the ResultsTab component 1`] = `
<div
  data-testid="results-flow"
  style="height: calc(100vh - 110px);"
>
  <div
    data-testid="react-flow"
  />
</div>
`;
