// Jest Snapshot v1, https://goo.gl/fbAQLP

exports[`ControlsTab render ControlsTab correctly. 1`] = `
<div>
  <div>
    No program results
  </div>
  ,
</div>
`;
