// Jest Snapshot v1, https://goo.gl/fbAQLP

exports[`NodeModal checks the snapshot 1`] = `
<div>
  <div
    data-testid="react-modal"
  />
</div>
`;
