// Jest Snapshot v1, https://goo.gl/fbAQLP

exports[`KnobCtrl Component test KnobCtrl should render with Props 1`] = `
<div>
  <div
    data-testid="KnobCtrlDiv"
    style="width: 100%; display: flex; justify-content: center; align-items: center;"
  />
  ,
</div>
`;
