// Jest Snapshot v1, https://goo.gl/fbAQLP

exports[`CustomResultNode renders a PlotlyComponent if result data is provided 1`] = `
<div>
  <div
    data-testid="result-node"
    style="position: relative;"
  >
    <div>
      Handle Component
    </div>
    <div>
      Handle Component
    </div>
    <div
      id="node-id"
      style="height: 293px; width: 380px;"
    >
      PlotlyComponent
    </div>
  </div>
  ,
</div>
`;
