// Jest Snapshot v1, https://goo.gl/fbAQLP

exports[`PreJobOperationShow should render correctly 1`] = `
<div>
  <div>
    <div
      style="background: rgb(0, 0, 0); color: rgb(0, 0, 0); padding: 10px; font-family: monospace; white-space: break-spaces; overflow: hidden;"
    >
      Rendered this text!
    </div>
  </div>
</div>
`;
